Component: ARM Compiler 5.06 update 6 (build 750) Tool: armlink [4d35ed]

==============================================================================

Section Cross References

    main.o(i.adcChannelInit) refers to main.o(i.pioPinMode) for pioPinMode
    main.o(i.adcInit) refers to main.o(i.pmcEnablePeriph) for pmcEnablePeriph
    main.o(i.adcInit) refers to main.o(i.pioInit) for pioInit
    main.o(i.adcRead) refers to fflt_clz.o(x$fpl$fflt) for __aeabi_i2f
    main.o(i.adcRead) refers to fdiv.o(x$fpl$fdiv) for __aeabi_fdiv
    main.o(i.adcRead) refers to f2d.o(x$fpl$f2d) for __aeabi_f2d
    main.o(i.adcRead) refers to dmul.o(x$fpl$dmul) for __aeabi_dmul
    main.o(i.adcRead) refers to d2f.o(x$fpl$d2f) for __aeabi_d2f
    main.o(i.init) refers to main.o(i.samInit) for samInit
    main.o(i.init) refers to main.o(i.pioInit) for pioInit
    main.o(i.init) refers to main.o(i.tcDelayInit) for tcDelayInit
    main.o(i.init) refers to main.o(i.pioPinMode) for pioPinMode
    main.o(i.main) refers to main.o(i.init) for init
    main.o(i.main) refers to main.o(i.stepPositive) for stepPositive
    main.o(i.main) refers to main.o(i.stepNegative) for stepNegative
    main.o(i.pioDigitalRead) refers to main.o(i.pioPinToBase) for pioPinToBase
    main.o(i.pioDigitalWrite) refers to main.o(i.pioPinToBase) for pioPinToBase
    main.o(i.pioInit) refers to main.o(i.pmcEnablePeriph) for pmcEnablePeriph
    main.o(i.pioPinMode) refers to main.o(i.pioPinToBase) for pioPinToBase
    main.o(i.pioPinResistor) refers to main.o(i.pioPinToBase) for pioPinToBase
    main.o(i.pioPinToBase) refers to main.o(i.pioPinToPort) for pioPinToPort
    main.o(i.pioPinToBase) refers to main.o(i.pioPortToBase) for pioPortToBase
    main.o(i.pioTogglePin) refers to main.o(i.pioDigitalRead) for pioDigitalRead
    main.o(i.pioTogglePin) refers to main.o(i.pioDigitalWrite) for pioDigitalWrite
    main.o(i.pwmInit) refers to main.o(i.pmcEnablePeriph) for pmcEnablePeriph
    main.o(i.pwmInit) refers to main.o(i.pioInit) for pioInit
    main.o(i.pwmInit) refers to main.o(i.pioPinMode) for pioPinMode
    main.o(i.pwmInit) refers to rt_memcpy_w.o(.text) for __aeabi_memcpy4
    main.o(i.pwmInit) refers to main.o(.constdata) for .constdata
    main.o(i.samInit) refers to main.o(i.wdtDisable) for wdtDisable
    main.o(i.samInit) refers to main.o(i.pmcDisableWriteProtection) for pmcDisableWriteProtection
    main.o(i.samInit) refers to main.o(i.pmcMainClkBypass) for pmcMainClkBypass
    main.o(i.spiInit) refers to main.o(i.pmcEnablePeriph) for pmcEnablePeriph
    main.o(i.spiInit) refers to main.o(i.pioInit) for pioInit
    main.o(i.spiInit) refers to main.o(i.pioPinMode) for pioPinMode
    main.o(i.spiSendReceive16) refers to main.o(i.spiSendReceive) for spiSendReceive
    main.o(i.stepNegative) refers to main.o(i.pioDigitalWrite) for pioDigitalWrite
    main.o(i.stepNegative) refers to main.o(i.tcDelayMillis) for tcDelayMillis
    main.o(i.stepPositive) refers to main.o(i.pioDigitalWrite) for pioDigitalWrite
    main.o(i.stepPositive) refers to main.o(i.tcDelayMillis) for tcDelayMillis
    main.o(i.tcChannelInit) refers to main.o(i.tcChannelToBlockBase) for tcChannelToBlockBase
    main.o(i.tcChannelToBlockBase) refers to main.o(i.tcChannelToBlock) for tcChannelToBlock
    main.o(i.tcChannelToBlockBase) refers to main.o(i.tcBlockToBlockBase) for tcBlockToBlockBase
    main.o(i.tcCheckRC_compare) refers to main.o(i.tcChannelToBlockBase) for tcChannelToBlockBase
    main.o(i.tcDelayInit) refers to main.o(i.tcInit) for tcInit
    main.o(i.tcDelayInit) refers to main.o(i.tcChannelInit) for tcChannelInit
    main.o(i.tcDelayMillis) refers to main.o(i.tcDelayMicroseconds) for tcDelayMicroseconds
    main.o(i.tcDelaySeconds) refers to main.o(i.tcDelayMillis) for tcDelayMillis
    main.o(i.tcInit) refers to main.o(i.pmcEnablePeriph) for pmcEnablePeriph
    main.o(i.tcReadChannel) refers to main.o(i.tcChannelToBlockBase) for tcChannelToBlockBase
    main.o(i.tcResetChannel) refers to main.o(i.tcChannelToBlockBase) for tcChannelToBlockBase
    main.o(i.tcSetRC_compare) refers to main.o(i.tcChannelToBlockBase) for tcChannelToBlockBase
    main.o(i.testMotor) refers to main.o(i.pioDigitalWrite) for pioDigitalWrite
    main.o(i.testMotor) refers to main.o(i.tcDelayMillis) for tcDelayMillis
    main.o(i.uartInit) refers to main.o(i.pmcEnablePeriph) for pmcEnablePeriph
    main.o(i.uartInit) refers to main.o(i.pioInit) for pioInit
    main.o(i.uartInit) refers to main.o(i.pioPinMode) for pioPinMode
    main.o(i.uartRx) refers to main.o(i.uartRxReady) for uartRxReady
    startup_sam4s.o(STACK) refers (Special) to heapauxi.o(.text) for __use_two_region_memory
    startup_sam4s.o(HEAP) refers (Special) to heapauxi.o(.text) for __use_two_region_memory
    startup_sam4s.o(RESET) refers (Special) to heapauxi.o(.text) for __use_two_region_memory
    startup_sam4s.o(RESET) refers to startup_sam4s.o(STACK) for __initial_sp
    startup_sam4s.o(RESET) refers to startup_sam4s.o(.text) for Reset_Handler
    startup_sam4s.o(.text) refers (Special) to heapauxi.o(.text) for __use_two_region_memory
    startup_sam4s.o(.text) refers to system_sam4s.o(i.SystemInit) for SystemInit
    startup_sam4s.o(.text) refers to __main.o(!!!main) for __main
    startup_sam4s.o(.text) refers to startup_sam4s.o(HEAP) for Heap_Mem
    startup_sam4s.o(.text) refers to startup_sam4s.o(STACK) for Stack_Mem
    system_sam4s.o(i.SystemCoreClockUpdate) refers to system_sam4s.o(.data) for SystemCoreClock
    __main.o(!!!main) refers to __rtentry.o(.ARM.Collect$$rtentry$$00000000) for __rt_entry
    d2f.o(x$fpl$d2f) refers (Special) to usenofp.o(x$fpl$usenofp) for __I$use$fp
    d2f.o(x$fpl$d2f) refers to fretinf.o(x$fpl$fretinf) for __fpl_fretinf
    d2f.o(x$fpl$d2f) refers to dnaninf.o(x$fpl$dnaninf) for __fpl_dnaninf
    dmul.o(x$fpl$dmul) refers (Special) to usenofp.o(x$fpl$usenofp) for __I$use$fp
    dmul.o(x$fpl$dmul) refers to dretinf.o(x$fpl$dretinf) for __fpl_dretinf
    dmul.o(x$fpl$dmul) refers to dnaninf.o(x$fpl$dnaninf) for __fpl_dnaninf
    f2d.o(x$fpl$f2d) refers (Special) to usenofp.o(x$fpl$usenofp) for __I$use$fp
    f2d.o(x$fpl$f2d) refers to fnaninf.o(x$fpl$fnaninf) for __fpl_fnaninf
    f2d.o(x$fpl$f2d) refers to dretinf.o(x$fpl$dretinf) for __fpl_dretinf
    fdiv.o(x$fpl$frdiv) refers (Special) to usenofp.o(x$fpl$usenofp) for __I$use$fp
    fdiv.o(x$fpl$frdiv) refers to fdiv.o(x$fpl$fdiv) for _fdiv1
    fdiv.o(x$fpl$fdiv) refers (Special) to usenofp.o(x$fpl$usenofp) for __I$use$fp
    fdiv.o(x$fpl$fdiv) refers to fretinf.o(x$fpl$fretinf) for __fpl_fretinf
    fdiv.o(x$fpl$fdiv) refers to fnaninf.o(x$fpl$fnaninf) for __fpl_fnaninf
    fflt_clz.o(x$fpl$ffltu) refers (Special) to usenofp.o(x$fpl$usenofp) for __I$use$fp
    fflt_clz.o(x$fpl$fflt) refers (Special) to usenofp.o(x$fpl$usenofp) for __I$use$fp
    fflt_clz.o(x$fpl$ffltn) refers (Special) to usenofp.o(x$fpl$usenofp) for __I$use$fp
    __rtentry.o(.ARM.Collect$$rtentry$$00000000) refers (Special) to __rtentry2.o(.ARM.Collect$$rtentry$$0000000A) for __rt_entry_li
    __rtentry.o(.ARM.Collect$$rtentry$$00000000) refers (Special) to __rtentry2.o(.ARM.Collect$$rtentry$$0000000D) for __rt_entry_main
    __rtentry.o(.ARM.Collect$$rtentry$$00000000) refers (Special) to __rtentry2.o(.ARM.Collect$$rtentry$$0000000C) for __rt_entry_postli_1
    __rtentry.o(.ARM.Collect$$rtentry$$00000000) refers (Special) to __rtentry2.o(.ARM.Collect$$rtentry$$00000009) for __rt_entry_postsh_1
    __rtentry.o(.ARM.Collect$$rtentry$$00000000) refers (Special) to __rtentry2.o(.ARM.Collect$$rtentry$$00000002) for __rt_entry_presh_1
    __rtentry.o(.ARM.Collect$$rtentry$$00000000) refers (Special) to __rtentry4.o(.ARM.Collect$$rtentry$$00000004) for __rt_entry_sh
    dnaninf.o(x$fpl$dnaninf) refers (Special) to usenofp.o(x$fpl$usenofp) for __I$use$fp
    dretinf.o(x$fpl$dretinf) refers (Special) to usenofp.o(x$fpl$usenofp) for __I$use$fp
    fnaninf.o(x$fpl$fnaninf) refers (Special) to usenofp.o(x$fpl$usenofp) for __I$use$fp
    fretinf.o(x$fpl$fretinf) refers (Special) to usenofp.o(x$fpl$usenofp) for __I$use$fp
    __rtentry2.o(.ARM.Collect$$rtentry$$00000008) refers to boardinit2.o(.text) for _platform_post_stackheap_init
    __rtentry2.o(.ARM.Collect$$rtentry$$0000000A) refers to libinit.o(.ARM.Collect$$libinit$$00000000) for __rt_lib_init
    __rtentry2.o(.ARM.Collect$$rtentry$$0000000B) refers to boardinit3.o(.text) for _platform_post_lib_init
    __rtentry2.o(.ARM.Collect$$rtentry$$0000000D) refers to main.o(i.main) for main
    __rtentry2.o(.ARM.Collect$$rtentry$$0000000D) refers to exit.o(.text) for exit
    __rtentry2.o(.ARM.exidx) refers to __rtentry2.o(.ARM.Collect$$rtentry$$00000001) for .ARM.Collect$$rtentry$$00000001
    __rtentry2.o(.ARM.exidx) refers to __rtentry2.o(.ARM.Collect$$rtentry$$00000008) for .ARM.Collect$$rtentry$$00000008
    __rtentry2.o(.ARM.exidx) refers to __rtentry2.o(.ARM.Collect$$rtentry$$0000000A) for .ARM.Collect$$rtentry$$0000000A
    __rtentry2.o(.ARM.exidx) refers to __rtentry2.o(.ARM.Collect$$rtentry$$0000000B) for .ARM.Collect$$rtentry$$0000000B
    __rtentry2.o(.ARM.exidx) refers to __rtentry2.o(.ARM.Collect$$rtentry$$0000000D) for .ARM.Collect$$rtentry$$0000000D
    __rtentry4.o(.ARM.Collect$$rtentry$$00000004) refers to sys_stackheap_outer.o(.text) for __user_setup_stackheap
    __rtentry4.o(.ARM.exidx) refers to __rtentry4.o(.ARM.Collect$$rtentry$$00000004) for .ARM.Collect$$rtentry$$00000004
    sys_stackheap_outer.o(.text) refers to libspace.o(.text) for __user_perproc_libspace
    sys_stackheap_outer.o(.text) refers to startup_sam4s.o(.text) for __user_initial_stackheap
    exit.o(.text) refers to rtexit.o(.ARM.Collect$$rtexit$$00000000) for __rt_exit
    libinit.o(.ARM.Collect$$libinit$$00000000) refers (Special) to libinit2.o(.ARM.Collect$$libinit$$0000002E) for __rt_lib_init_alloca_1
    libinit.o(.ARM.Collect$$libinit$$00000000) refers (Special) to libinit2.o(.ARM.Collect$$libinit$$0000002C) for __rt_lib_init_argv_1
    libinit.o(.ARM.Collect$$libinit$$00000000) refers (Special) to libinit2.o(.ARM.Collect$$libinit$$0000001B) for __rt_lib_init_atexit_1
    libinit.o(.ARM.Collect$$libinit$$00000000) refers (Special) to libinit2.o(.ARM.Collect$$libinit$$00000021) for __rt_lib_init_clock_1
    libinit.o(.ARM.Collect$$libinit$$00000000) refers (Special) to libinit2.o(.ARM.Collect$$libinit$$00000032) for __rt_lib_init_cpp_1
    libinit.o(.ARM.Collect$$libinit$$00000000) refers (Special) to libinit2.o(.ARM.Collect$$libinit$$00000030) for __rt_lib_init_exceptions_1
    libinit.o(.ARM.Collect$$libinit$$00000000) refers (Special) to libinit2.o(.ARM.Collect$$libinit$$00000002) for __rt_lib_init_fp_1
    libinit.o(.ARM.Collect$$libinit$$00000000) refers (Special) to libinit2.o(.ARM.Collect$$libinit$$0000001F) for __rt_lib_init_fp_trap_1
    libinit.o(.ARM.Collect$$libinit$$00000000) refers (Special) to libinit2.o(.ARM.Collect$$libinit$$00000023) for __rt_lib_init_getenv_1
    libinit.o(.ARM.Collect$$libinit$$00000000) refers (Special) to libinit2.o(.ARM.Collect$$libinit$$0000000A) for __rt_lib_init_heap_1
    libinit.o(.ARM.Collect$$libinit$$00000000) refers (Special) to libinit2.o(.ARM.Collect$$libinit$$00000011) for __rt_lib_init_lc_collate_1
    libinit.o(.ARM.Collect$$libinit$$00000000) refers (Special) to libinit2.o(.ARM.Collect$$libinit$$00000013) for __rt_lib_init_lc_ctype_1
    libinit.o(.ARM.Collect$$libinit$$00000000) refers (Special) to libinit2.o(.ARM.Collect$$libinit$$00000015) for __rt_lib_init_lc_monetary_1
    libinit.o(.ARM.Collect$$libinit$$00000000) refers (Special) to libinit2.o(.ARM.Collect$$libinit$$00000017) for __rt_lib_init_lc_numeric_1
    libinit.o(.ARM.Collect$$libinit$$00000000) refers (Special) to libinit2.o(.ARM.Collect$$libinit$$00000019) for __rt_lib_init_lc_time_1
    libinit.o(.ARM.Collect$$libinit$$00000000) refers (Special) to libinit2.o(.ARM.Collect$$libinit$$00000004) for __rt_lib_init_preinit_1
    libinit.o(.ARM.Collect$$libinit$$00000000) refers (Special) to libinit2.o(.ARM.Collect$$libinit$$0000000E) for __rt_lib_init_rand_1
    libinit.o(.ARM.Collect$$libinit$$00000000) refers (Special) to libinit2.o(.ARM.Collect$$libinit$$00000033) for __rt_lib_init_return
    libinit.o(.ARM.Collect$$libinit$$00000000) refers (Special) to libinit2.o(.ARM.Collect$$libinit$$0000001D) for __rt_lib_init_signal_1
    libinit.o(.ARM.Collect$$libinit$$00000000) refers (Special) to libinit2.o(.ARM.Collect$$libinit$$00000025) for __rt_lib_init_stdio_1
    libinit.o(.ARM.Collect$$libinit$$00000000) refers (Special) to libinit2.o(.ARM.Collect$$libinit$$0000000C) for __rt_lib_init_user_alloc_1
    libspace.o(.text) refers to libspace.o(.bss) for __libspace_start
    rtexit.o(.ARM.Collect$$rtexit$$00000000) refers (Special) to rtexit2.o(.ARM.Collect$$rtexit$$00000004) for __rt_exit_exit
    rtexit.o(.ARM.Collect$$rtexit$$00000000) refers (Special) to rtexit2.o(.ARM.Collect$$rtexit$$00000003) for __rt_exit_ls
    rtexit.o(.ARM.Collect$$rtexit$$00000000) refers (Special) to rtexit2.o(.ARM.Collect$$rtexit$$00000002) for __rt_exit_prels_1
    rtexit.o(.ARM.exidx) refers (Special) to rtexit2.o(.ARM.Collect$$rtexit$$00000004) for __rt_exit_exit
    rtexit.o(.ARM.exidx) refers (Special) to rtexit2.o(.ARM.Collect$$rtexit$$00000003) for __rt_exit_ls
    rtexit.o(.ARM.exidx) refers (Special) to rtexit2.o(.ARM.Collect$$rtexit$$00000002) for __rt_exit_prels_1
    rtexit.o(.ARM.exidx) refers to rtexit.o(.ARM.Collect$$rtexit$$00000000) for .ARM.Collect$$rtexit$$00000000
    libinit2.o(.ARM.Collect$$libinit$$00000010) refers to libinit2.o(.ARM.Collect$$libinit$$0000000F) for .ARM.Collect$$libinit$$0000000F
    libinit2.o(.ARM.Collect$$libinit$$00000012) refers to libinit2.o(.ARM.Collect$$libinit$$0000000F) for .ARM.Collect$$libinit$$0000000F
    libinit2.o(.ARM.Collect$$libinit$$00000014) refers to libinit2.o(.ARM.Collect$$libinit$$0000000F) for .ARM.Collect$$libinit$$0000000F
    libinit2.o(.ARM.Collect$$libinit$$00000016) refers to libinit2.o(.ARM.Collect$$libinit$$0000000F) for .ARM.Collect$$libinit$$0000000F
    libinit2.o(.ARM.Collect$$libinit$$00000018) refers to libinit2.o(.ARM.Collect$$libinit$$0000000F) for .ARM.Collect$$libinit$$0000000F
    libinit2.o(.ARM.Collect$$libinit$$00000026) refers to argv_veneer.o(.emb_text) for __ARM_argv_veneer
    libinit2.o(.ARM.Collect$$libinit$$00000027) refers to argv_veneer.o(.emb_text) for __ARM_argv_veneer
    rtexit2.o(.ARM.Collect$$rtexit$$00000003) refers to libshutdown.o(.ARM.Collect$$libshutdown$$00000000) for __rt_lib_shutdown
    rtexit2.o(.ARM.Collect$$rtexit$$00000004) refers to sys_exit.o(.text) for _sys_exit
    rtexit2.o(.ARM.exidx) refers to rtexit2.o(.ARM.Collect$$rtexit$$00000001) for .ARM.Collect$$rtexit$$00000001
    rtexit2.o(.ARM.exidx) refers to rtexit2.o(.ARM.Collect$$rtexit$$00000003) for .ARM.Collect$$rtexit$$00000003
    rtexit2.o(.ARM.exidx) refers to rtexit2.o(.ARM.Collect$$rtexit$$00000004) for .ARM.Collect$$rtexit$$00000004
    argv_veneer.o(.emb_text) refers to no_argv.o(.text) for __ARM_get_argv
    sys_exit.o(.text) refers (Special) to use_no_semi.o(.text) for __I$use$semihosting
    sys_exit.o(.text) refers (Special) to indicate_semi.o(.text) for __semihosting_library_function
    _get_argv_nomalloc.o(.text) refers (Special) to hrguard.o(.text) for __heap_region$guard
    _get_argv_nomalloc.o(.text) refers to defsig_rtmem_outer.o(.text) for __rt_SIGRTMEM
    _get_argv_nomalloc.o(.text) refers to sys_command.o(.text) for _sys_command_string
    libshutdown.o(.ARM.Collect$$libshutdown$$00000000) refers (Special) to libshutdown2.o(.ARM.Collect$$libshutdown$$00000002) for __rt_lib_shutdown_cpp_1
    libshutdown.o(.ARM.Collect$$libshutdown$$00000000) refers (Special) to libshutdown2.o(.ARM.Collect$$libshutdown$$00000007) for __rt_lib_shutdown_fp_trap_1
    libshutdown.o(.ARM.Collect$$libshutdown$$00000000) refers (Special) to libshutdown2.o(.ARM.Collect$$libshutdown$$0000000F) for __rt_lib_shutdown_heap_1
    libshutdown.o(.ARM.Collect$$libshutdown$$00000000) refers (Special) to libshutdown2.o(.ARM.Collect$$libshutdown$$00000010) for __rt_lib_shutdown_return
    libshutdown.o(.ARM.Collect$$libshutdown$$00000000) refers (Special) to libshutdown2.o(.ARM.Collect$$libshutdown$$0000000A) for __rt_lib_shutdown_signal_1
    libshutdown.o(.ARM.Collect$$libshutdown$$00000000) refers (Special) to libshutdown2.o(.ARM.Collect$$libshutdown$$00000004) for __rt_lib_shutdown_stdio_1
    libshutdown.o(.ARM.Collect$$libshutdown$$00000000) refers (Special) to libshutdown2.o(.ARM.Collect$$libshutdown$$0000000C) for __rt_lib_shutdown_user_alloc_1
    sys_command.o(.text) refers (Special) to use_no_semi.o(.text) for __I$use$semihosting
    sys_command.o(.text) refers (Special) to indicate_semi.o(.text) for __semihosting_library_function
    defsig_rtmem_outer.o(.text) refers to defsig_rtmem_inner.o(.text) for __rt_SIGRTMEM_inner
    defsig_rtmem_outer.o(.text) refers to defsig_exit.o(.text) for __sig_exit
    defsig_rtmem_formal.o(.text) refers to rt_raise.o(.text) for __rt_raise
    rt_raise.o(.text) refers to __raise.o(.text) for __raise
    rt_raise.o(.text) refers to sys_exit.o(.text) for _sys_exit
    defsig_exit.o(.text) refers to sys_exit.o(.text) for _sys_exit
    defsig_rtmem_inner.o(.text) refers to defsig_general.o(.text) for __default_signal_display
    __raise.o(.text) refers to defsig.o(CL$$defsig) for __default_signal_handler
    defsig_general.o(.text) refers to sys_wrch.o(.text) for _ttywrch
    sys_wrch.o(.text) refers (Special) to use_no_semi.o(.text) for __I$use$semihosting
    sys_wrch.o(.text) refers (Special) to indicate_semi.o(.text) for __semihosting_library_function
    defsig.o(CL$$defsig) refers to defsig_rtmem_inner.o(.text) for __rt_SIGRTMEM_inner
    defsig_abrt_inner.o(.text) refers to defsig_general.o(.text) for __default_signal_display
    defsig_fpe_inner.o(.text) refers to defsig_general.o(.text) for __default_signal_display
    defsig_rtred_inner.o(.text) refers to defsig_general.o(.text) for __default_signal_display
    defsig_stak_inner.o(.text) refers to defsig_general.o(.text) for __default_signal_display
    defsig_pvfn_inner.o(.text) refers to defsig_general.o(.text) for __default_signal_display
    defsig_cppl_inner.o(.text) refers to defsig_general.o(.text) for __default_signal_display
    defsig_segv_inner.o(.text) refers to defsig_general.o(.text) for __default_signal_display
    defsig_other.o(.text) refers to defsig_general.o(.text) for __default_signal_display


==============================================================================

Removing Unused input sections from the image.

    Removing main.o(i.adcChannelInit), (220 bytes).
    Removing main.o(i.adcInit), (48 bytes).
    Removing main.o(i.adcRead), (128 bytes).
    Removing main.o(i.pioDigitalRead), (36 bytes).
    Removing main.o(i.pioPinResistor), (122 bytes).
    Removing main.o(i.pioTogglePin), (30 bytes).
    Removing main.o(i.pmcCheckMasterClk), (28 bytes).
    Removing main.o(i.pmcEnableWriteProtection), (16 bytes).
    Removing main.o(i.pwmInit), (280 bytes).
    Removing main.o(i.rtcInit), (20 bytes).
    Removing main.o(i.rtcReadAmPm), (16 bytes).
    Removing main.o(i.rtcReadCent), (28 bytes).
    Removing main.o(i.rtcReadDate), (32 bytes).
    Removing main.o(i.rtcReadDay), (16 bytes).
    Removing main.o(i.rtcReadHour), (32 bytes).
    Removing main.o(i.rtcReadMin), (32 bytes).
    Removing main.o(i.rtcReadMonth), (32 bytes).
    Removing main.o(i.rtcReadSec), (28 bytes).
    Removing main.o(i.rtcReadYear), (32 bytes).
    Removing main.o(i.rtcUpdateDate), (160 bytes).
    Removing main.o(i.rtcUpdateTime), (148 bytes).
    Removing main.o(i.spiInit), (112 bytes).
    Removing main.o(i.spiSendReceive), (40 bytes).
    Removing main.o(i.spiSendReceive16), (28 bytes).
    Removing main.o(i.tcCheckRC_compare), (34 bytes).
    Removing main.o(i.tcDelaySeconds), (24 bytes).
    Removing main.o(i.tcReadChannel), (30 bytes).
    Removing main.o(i.tcResetChannel), (42 bytes).
    Removing main.o(i.tcSetRC_compare), (32 bytes).
    Removing main.o(i.testMotor), (244 bytes).
    Removing main.o(i.uartInit), (84 bytes).
    Removing main.o(i.uartRx), (24 bytes).
    Removing main.o(i.uartRxReady), (16 bytes).
    Removing main.o(i.uartTx), (28 bytes).
    Removing main.o(.constdata), (44 bytes).
    Removing system_sam4s.o(.rev16_text), (4 bytes).
    Removing system_sam4s.o(.revsh_text), (4 bytes).
    Removing system_sam4s.o(.rrx_text), (6 bytes).
    Removing system_sam4s.o(i.SystemCoreClockUpdate), (388 bytes).
    Removing system_sam4s.o(.data), (4 bytes).

40 unused section(s) (total 2672 bytes) removed from the image.

==============================================================================

Image Symbol Table

    Local Symbols

    Symbol Name                              Value     Ov Type        Size  Object(Section)

    ../clib/angel/boardlib.s                 0x00000000   Number         0  boardinit1.o ABSOLUTE
    ../clib/angel/boardlib.s                 0x00000000   Number         0  boardinit2.o ABSOLUTE
    ../clib/angel/boardlib.s                 0x00000000   Number         0  boardinit3.o ABSOLUTE
    ../clib/angel/boardlib.s                 0x00000000   Number         0  boardshut.o ABSOLUTE
    ../clib/angel/handlers.s                 0x00000000   Number         0  __scatter_zi.o ABSOLUTE
    ../clib/angel/kernel.s                   0x00000000   Number         0  rtexit2.o ABSOLUTE
    ../clib/angel/kernel.s                   0x00000000   Number         0  __rtentry4.o ABSOLUTE
    ../clib/angel/kernel.s                   0x00000000   Number         0  rtexit.o ABSOLUTE
    ../clib/angel/kernel.s                   0x00000000   Number         0  __rtentry2.o ABSOLUTE
    ../clib/angel/kernel.s                   0x00000000   Number         0  __rtentry.o ABSOLUTE
    ../clib/angel/rt.s                       0x00000000   Number         0  rt_raise.o ABSOLUTE
    ../clib/angel/scatter.s                  0x00000000   Number         0  __scatter.o ABSOLUTE
    ../clib/angel/startup.s                  0x00000000   Number         0  __main.o ABSOLUTE
    ../clib/angel/sys.s                      0x00000000   Number         0  sys_stackheap_outer.o ABSOLUTE
    ../clib/angel/sys.s                      0x00000000   Number         0  libspace.o ABSOLUTE
    ../clib/angel/sys.s                      0x00000000   Number         0  indicate_semi.o ABSOLUTE
    ../clib/angel/sys.s                      0x00000000   Number         0  use_no_semi.o ABSOLUTE
    ../clib/angel/sysapp.c                   0x00000000   Number         0  sys_command.o ABSOLUTE
    ../clib/angel/sysapp.c                   0x00000000   Number         0  sys_exit.o ABSOLUTE
    ../clib/angel/sysapp.c                   0x00000000   Number         0  sys_wrch.o ABSOLUTE
    ../clib/armsys.c                         0x00000000   Number         0  argv_veneer.o ABSOLUTE
    ../clib/armsys.c                         0x00000000   Number         0  argv_veneer.o ABSOLUTE
    ../clib/armsys.c                         0x00000000   Number         0  _get_argv_nomalloc.o ABSOLUTE
    ../clib/armsys.c                         0x00000000   Number         0  no_argv.o ABSOLUTE
    ../clib/heapalloc.c                      0x00000000   Number         0  hrguard.o ABSOLUTE
    ../clib/heapaux.c                        0x00000000   Number         0  heapauxi.o ABSOLUTE
    ../clib/libinit.s                        0x00000000   Number         0  libinit.o ABSOLUTE
    ../clib/libinit.s                        0x00000000   Number         0  libshutdown2.o ABSOLUTE
    ../clib/libinit.s                        0x00000000   Number         0  libinit2.o ABSOLUTE
    ../clib/libinit.s                        0x00000000   Number         0  libshutdown.o ABSOLUTE
    ../clib/memcpset.s                       0x00000000   Number         0  rt_memcpy_w.o ABSOLUTE
    ../clib/signal.c                         0x00000000   Number         0  defsig_rtmem_outer.o ABSOLUTE
    ../clib/signal.c                         0x00000000   Number         0  defsig_exit.o ABSOLUTE
    ../clib/signal.c                         0x00000000   Number         0  defsig_rtmem_inner.o ABSOLUTE
    ../clib/signal.c                         0x00000000   Number         0  __raise.o ABSOLUTE
    ../clib/signal.c                         0x00000000   Number         0  defsig_general.o ABSOLUTE
    ../clib/signal.c                         0x00000000   Number         0  defsig_abrt_inner.o ABSOLUTE
    ../clib/signal.c                         0x00000000   Number         0  defsig_fpe_inner.o ABSOLUTE
    ../clib/signal.c                         0x00000000   Number         0  defsig_rtmem_formal.o ABSOLUTE
    ../clib/signal.c                         0x00000000   Number         0  defsig_rtred_inner.o ABSOLUTE
    ../clib/signal.c                         0x00000000   Number         0  defsig_stak_inner.o ABSOLUTE
    ../clib/signal.c                         0x00000000   Number         0  defsig_pvfn_inner.o ABSOLUTE
    ../clib/signal.c                         0x00000000   Number         0  defsig_cppl_inner.o ABSOLUTE
    ../clib/signal.c                         0x00000000   Number         0  defsig_segv_inner.o ABSOLUTE
    ../clib/signal.c                         0x00000000   Number         0  defsig_other.o ABSOLUTE
    ../clib/signal.s                         0x00000000   Number         0  defsig.o ABSOLUTE
    ../clib/stdlib.c                         0x00000000   Number         0  exit.o ABSOLUTE
    ../fplib/d2f.s                           0x00000000   Number         0  d2f.o ABSOLUTE
    ../fplib/dmul.s                          0x00000000   Number         0  dmul.o ABSOLUTE
    ../fplib/dnaninf.s                       0x00000000   Number         0  dnaninf.o ABSOLUTE
    ../fplib/dretinf.s                       0x00000000   Number         0  dretinf.o ABSOLUTE
    ../fplib/f2d.s                           0x00000000   Number         0  f2d.o ABSOLUTE
    ../fplib/fdiv.s                          0x00000000   Number         0  fdiv.o ABSOLUTE
    ../fplib/fflt.s                          0x00000000   Number         0  fflt_clz.o ABSOLUTE
    ../fplib/fnaninf.s                       0x00000000   Number         0  fnaninf.o ABSOLUTE
    ../fplib/fpinit.s                        0x00000000   Number         0  fpinit.o ABSOLUTE
    ../fplib/fretinf.s                       0x00000000   Number         0  fretinf.o ABSOLUTE
    ../fplib/usenofp.s                       0x00000000   Number         0  usenofp.o ABSOLUTE
    RTE\Device\ATSAM4S4B\startup_SAM4S.s     0x00000000   Number         0  startup_sam4s.o ABSOLUTE
    RTE\Device\ATSAM4S4B\system_SAM4S.c      0x00000000   Number         0  system_sam4s.o ABSOLUTE
    RTE\\Device\\ATSAM4S4B\\system_SAM4S.c   0x00000000   Number         0  system_sam4s.o ABSOLUTE
    dc.s                                     0x00000000   Number         0  dc.o ABSOLUTE
    main.c                                   0x00000000   Number         0  main.o ABSOLUTE
    RESET                                    0x00400000   Section      204  startup_sam4s.o(RESET)
    !!!main                                  0x004000cc   Section        8  __main.o(!!!main)
    !!!scatter                               0x004000d4   Section       52  __scatter.o(!!!scatter)
    !!handler_zi                             0x00400108   Section       28  __scatter_zi.o(!!handler_zi)
    .ARM.Collect$$libinit$$00000000          0x00400124   Section        2  libinit.o(.ARM.Collect$$libinit$$00000000)
    .ARM.Collect$$libinit$$00000002          0x00400126   Section        0  libinit2.o(.ARM.Collect$$libinit$$00000002)
    .ARM.Collect$$libinit$$00000004          0x00400126   Section        0  libinit2.o(.ARM.Collect$$libinit$$00000004)
    .ARM.Collect$$libinit$$0000000A          0x00400126   Section        0  libinit2.o(.ARM.Collect$$libinit$$0000000A)
    .ARM.Collect$$libinit$$0000000C          0x00400126   Section        0  libinit2.o(.ARM.Collect$$libinit$$0000000C)
    .ARM.Collect$$libinit$$0000000E          0x00400126   Section        0  libinit2.o(.ARM.Collect$$libinit$$0000000E)
    .ARM.Collect$$libinit$$00000011          0x00400126   Section        0  libinit2.o(.ARM.Collect$$libinit$$00000011)
    .ARM.Collect$$libinit$$00000013          0x00400126   Section        0  libinit2.o(.ARM.Collect$$libinit$$00000013)
    .ARM.Collect$$libinit$$00000015          0x00400126   Section        0  libinit2.o(.ARM.Collect$$libinit$$00000015)
    .ARM.Collect$$libinit$$00000017          0x00400126   Section        0  libinit2.o(.ARM.Collect$$libinit$$00000017)
    .ARM.Collect$$libinit$$00000019          0x00400126   Section        0  libinit2.o(.ARM.Collect$$libinit$$00000019)
    .ARM.Collect$$libinit$$0000001B          0x00400126   Section        0  libinit2.o(.ARM.Collect$$libinit$$0000001B)
    .ARM.Collect$$libinit$$0000001D          0x00400126   Section        0  libinit2.o(.ARM.Collect$$libinit$$0000001D)
    .ARM.Collect$$libinit$$0000001F          0x00400126   Section        0  libinit2.o(.ARM.Collect$$libinit$$0000001F)
    .ARM.Collect$$libinit$$00000021          0x00400126   Section        0  libinit2.o(.ARM.Collect$$libinit$$00000021)
    .ARM.Collect$$libinit$$00000023          0x00400126   Section        0  libinit2.o(.ARM.Collect$$libinit$$00000023)
    .ARM.Collect$$libinit$$00000025          0x00400126   Section        0  libinit2.o(.ARM.Collect$$libinit$$00000025)
    .ARM.Collect$$libinit$$0000002C          0x00400126   Section        0  libinit2.o(.ARM.Collect$$libinit$$0000002C)
    .ARM.Collect$$libinit$$0000002E          0x00400126   Section        0  libinit2.o(.ARM.Collect$$libinit$$0000002E)
    .ARM.Collect$$libinit$$00000030          0x00400126   Section        0  libinit2.o(.ARM.Collect$$libinit$$00000030)
    .ARM.Collect$$libinit$$00000032          0x00400126   Section        0  libinit2.o(.ARM.Collect$$libinit$$00000032)
    .ARM.Collect$$libinit$$00000033          0x00400126   Section        2  libinit2.o(.ARM.Collect$$libinit$$00000033)
    .ARM.Collect$$libshutdown$$00000000      0x00400128   Section        2  libshutdown.o(.ARM.Collect$$libshutdown$$00000000)
    .ARM.Collect$$libshutdown$$00000002      0x0040012a   Section        0  libshutdown2.o(.ARM.Collect$$libshutdown$$00000002)
    .ARM.Collect$$libshutdown$$00000004      0x0040012a   Section        0  libshutdown2.o(.ARM.Collect$$libshutdown$$00000004)
    .ARM.Collect$$libshutdown$$00000007      0x0040012a   Section        0  libshutdown2.o(.ARM.Collect$$libshutdown$$00000007)
    .ARM.Collect$$libshutdown$$0000000A      0x0040012a   Section        0  libshutdown2.o(.ARM.Collect$$libshutdown$$0000000A)
    .ARM.Collect$$libshutdown$$0000000C      0x0040012a   Section        0  libshutdown2.o(.ARM.Collect$$libshutdown$$0000000C)
    .ARM.Collect$$libshutdown$$0000000F      0x0040012a   Section        0  libshutdown2.o(.ARM.Collect$$libshutdown$$0000000F)
    .ARM.Collect$$libshutdown$$00000010      0x0040012a   Section        2  libshutdown2.o(.ARM.Collect$$libshutdown$$00000010)
    .ARM.Collect$$rtentry$$00000000          0x0040012c   Section        0  __rtentry.o(.ARM.Collect$$rtentry$$00000000)
    .ARM.Collect$$rtentry$$00000002          0x0040012c   Section        0  __rtentry2.o(.ARM.Collect$$rtentry$$00000002)
    .ARM.Collect$$rtentry$$00000004          0x0040012c   Section        6  __rtentry4.o(.ARM.Collect$$rtentry$$00000004)
    .ARM.Collect$$rtentry$$00000009          0x00400132   Section        0  __rtentry2.o(.ARM.Collect$$rtentry$$00000009)
    .ARM.Collect$$rtentry$$0000000A          0x00400132   Section        4  __rtentry2.o(.ARM.Collect$$rtentry$$0000000A)
    .ARM.Collect$$rtentry$$0000000C          0x00400136   Section        0  __rtentry2.o(.ARM.Collect$$rtentry$$0000000C)
    .ARM.Collect$$rtentry$$0000000D          0x00400136   Section        8  __rtentry2.o(.ARM.Collect$$rtentry$$0000000D)
    .ARM.Collect$$rtexit$$00000000           0x0040013e   Section        2  rtexit.o(.ARM.Collect$$rtexit$$00000000)
    .ARM.Collect$$rtexit$$00000002           0x00400140   Section        0  rtexit2.o(.ARM.Collect$$rtexit$$00000002)
    .ARM.Collect$$rtexit$$00000003           0x00400140   Section        4  rtexit2.o(.ARM.Collect$$rtexit$$00000003)
    .ARM.Collect$$rtexit$$00000004           0x00400144   Section        6  rtexit2.o(.ARM.Collect$$rtexit$$00000004)
    .text                                    0x0040014c   Section       64  startup_sam4s.o(.text)
    .text                                    0x0040018c   Section        0  heapauxi.o(.text)
    .text                                    0x00400192   Section       74  sys_stackheap_outer.o(.text)
    .text                                    0x004001dc   Section        0  exit.o(.text)
    .text                                    0x004001f0   Section        8  libspace.o(.text)
    .text                                    0x004001f8   Section        0  sys_exit.o(.text)
    .text                                    0x00400204   Section        2  use_no_semi.o(.text)
    .text                                    0x00400206   Section        0  indicate_semi.o(.text)
    i.SystemInit                             0x00400208   Section        0  system_sam4s.o(i.SystemInit)
    i.init                                   0x00400234   Section        0  main.o(i.init)
    i.main                                   0x00400274   Section        0  main.o(i.main)
    i.pioDigitalWrite                        0x00400296   Section        0  main.o(i.pioDigitalWrite)
    i.pioInit                                0x004002cc   Section        0  main.o(i.pioInit)
    i.pioPinMode                             0x004002dc   Section        0  main.o(i.pioPinMode)
    i.pioPinToBase                           0x004003b6   Section        0  main.o(i.pioPinToBase)
    i.pioPinToPort                           0x004003c8   Section        0  main.o(i.pioPinToPort)
    i.pioPortToBase                          0x004003d0   Section        0  main.o(i.pioPortToBase)
    i.pmcDisableWriteProtection              0x004003e4   Section        0  main.o(i.pmcDisableWriteProtection)
    i.pmcEnablePeriph                        0x004003f4   Section        0  main.o(i.pmcEnablePeriph)
    i.pmcMainClkBypass                       0x00400404   Section        0  main.o(i.pmcMainClkBypass)
    i.samInit                                0x00400440   Section        0  main.o(i.samInit)
    i.stepNegative                           0x00400450   Section        0  main.o(i.stepNegative)
    i.stepPositive                           0x00400560   Section        0  main.o(i.stepPositive)
    i.tcBlockToBlockBase                     0x00400670   Section        0  main.o(i.tcBlockToBlockBase)
    i.tcChannelInit                          0x00400684   Section        0  main.o(i.tcChannelInit)
    i.tcChannelToBlock                       0x004006ea   Section        0  main.o(i.tcChannelToBlock)
    i.tcChannelToBlockBase                   0x004006f4   Section        0  main.o(i.tcChannelToBlockBase)
    i.tcDelayInit                            0x00400706   Section        0  main.o(i.tcDelayInit)
    i.tcDelayMicroseconds                    0x00400718   Section        0  main.o(i.tcDelayMicroseconds)
    i.tcDelayMillis                          0x00400744   Section        0  main.o(i.tcDelayMillis)
    i.tcInit                                 0x0040075c   Section        0  main.o(i.tcInit)
    i.wdtDisable                             0x0040076c   Section        0  main.o(i.wdtDisable)
    .bss                                     0x20000000   Section       96  libspace.o(.bss)
    HEAP                                     0x20000060   Section      512  startup_sam4s.o(HEAP)
    Heap_Mem                                 0x20000060   Data         512  startup_sam4s.o(HEAP)
    STACK                                    0x20000260   Section      512  startup_sam4s.o(STACK)
    Stack_Mem                                0x20000260   Data         512  startup_sam4s.o(STACK)
    __initial_sp                             0x20000460   Data           0  startup_sam4s.o(STACK)

    Global Symbols

    Symbol Name                              Value     Ov Type        Size  Object(Section)

    BuildAttributes$$THM_ISAv4$E$P$D$K$B$S$7EM$PE$A:L22UL41UL21$X:L11$S22US41US21$IEEE1$IW$USESV6$~STKCKD$USESV7$~SHL$OSPACE$ROPI$EBA8$UX$STANDARDLIB$REQ8$PRES8$EABIv2 0x00000000   Number         0  anon$$obj.o ABSOLUTE
    __ARM_use_no_argv                        0x00000000   Number         0  main.o ABSOLUTE
    __ARM_exceptions_init                     - Undefined Weak Reference
    __alloca_initialize                       - Undefined Weak Reference
    __arm_preinit_                            - Undefined Weak Reference
    __cpp_initialize__aeabi_                  - Undefined Weak Reference
    __cxa_finalize                            - Undefined Weak Reference
    __rt_locale                               - Undefined Weak Reference
    __sigvec_lookup                           - Undefined Weak Reference
    _atexit_init                              - Undefined Weak Reference
    _call_atexit_fns                          - Undefined Weak Reference
    _clock_init                               - Undefined Weak Reference
    _fp_trap_init                             - Undefined Weak Reference
    _fp_trap_shutdown                         - Undefined Weak Reference
    _get_lc_collate                           - Undefined Weak Reference
    _get_lc_ctype                             - Undefined Weak Reference
    _get_lc_monetary                          - Undefined Weak Reference
    _get_lc_numeric                           - Undefined Weak Reference
    _get_lc_time                              - Undefined Weak Reference
    _getenv_init                              - Undefined Weak Reference
    _handle_redirection                       - Undefined Weak Reference
    _init_alloc                               - Undefined Weak Reference
    _init_user_alloc                          - Undefined Weak Reference
    _initio                                   - Undefined Weak Reference
    _rand_init                                - Undefined Weak Reference
    _signal_finish                            - Undefined Weak Reference
    _signal_init                              - Undefined Weak Reference
    _terminate_alloc                          - Undefined Weak Reference
    _terminate_user_alloc                     - Undefined Weak Reference
    _terminateio                              - Undefined Weak Reference
    __Vectors_Size                           0x000000cc   Number         0  startup_sam4s.o ABSOLUTE
    __Vectors                                0x00400000   Data           4  startup_sam4s.o(RESET)
    __Vectors_End                            0x004000cc   Data           0  startup_sam4s.o(RESET)
    __main                                   0x004000cd   Thumb Code     8  __main.o(!!!main)
    __scatterload                            0x004000d5   Thumb Code     0  __scatter.o(!!!scatter)
    __scatterload_rt2                        0x004000d5   Thumb Code    44  __scatter.o(!!!scatter)
    __scatterload_rt2_thumb_only             0x004000d5   Thumb Code     0  __scatter.o(!!!scatter)
    __scatterload_null                       0x004000e3   Thumb Code     0  __scatter.o(!!!scatter)
    __scatterload_zeroinit                   0x00400109   Thumb Code    28  __scatter_zi.o(!!handler_zi)
    __rt_lib_init                            0x00400125   Thumb Code     0  libinit.o(.ARM.Collect$$libinit$$00000000)
    __rt_lib_init_alloca_1                   0x00400127   Thumb Code     0  libinit2.o(.ARM.Collect$$libinit$$0000002E)
    __rt_lib_init_argv_1                     0x00400127   Thumb Code     0  libinit2.o(.ARM.Collect$$libinit$$0000002C)
    __rt_lib_init_atexit_1                   0x00400127   Thumb Code     0  libinit2.o(.ARM.Collect$$libinit$$0000001B)
    __rt_lib_init_clock_1                    0x00400127   Thumb Code     0  libinit2.o(.ARM.Collect$$libinit$$00000021)
    __rt_lib_init_cpp_1                      0x00400127   Thumb Code     0  libinit2.o(.ARM.Collect$$libinit$$00000032)
    __rt_lib_init_exceptions_1               0x00400127   Thumb Code     0  libinit2.o(.ARM.Collect$$libinit$$00000030)
    __rt_lib_init_fp_1                       0x00400127   Thumb Code     0  libinit2.o(.ARM.Collect$$libinit$$00000002)
    __rt_lib_init_fp_trap_1                  0x00400127   Thumb Code     0  libinit2.o(.ARM.Collect$$libinit$$0000001F)
    __rt_lib_init_getenv_1                   0x00400127   Thumb Code     0  libinit2.o(.ARM.Collect$$libinit$$00000023)
    __rt_lib_init_heap_1                     0x00400127   Thumb Code     0  libinit2.o(.ARM.Collect$$libinit$$0000000A)
    __rt_lib_init_lc_collate_1               0x00400127   Thumb Code     0  libinit2.o(.ARM.Collect$$libinit$$00000011)
    __rt_lib_init_lc_ctype_1                 0x00400127   Thumb Code     0  libinit2.o(.ARM.Collect$$libinit$$00000013)
    __rt_lib_init_lc_monetary_1              0x00400127   Thumb Code     0  libinit2.o(.ARM.Collect$$libinit$$00000015)
    __rt_lib_init_lc_numeric_1               0x00400127   Thumb Code     0  libinit2.o(.ARM.Collect$$libinit$$00000017)
    __rt_lib_init_lc_time_1                  0x00400127   Thumb Code     0  libinit2.o(.ARM.Collect$$libinit$$00000019)
    __rt_lib_init_preinit_1                  0x00400127   Thumb Code     0  libinit2.o(.ARM.Collect$$libinit$$00000004)
    __rt_lib_init_rand_1                     0x00400127   Thumb Code     0  libinit2.o(.ARM.Collect$$libinit$$0000000E)
    __rt_lib_init_return                     0x00400127   Thumb Code     0  libinit2.o(.ARM.Collect$$libinit$$00000033)
    __rt_lib_init_signal_1                   0x00400127   Thumb Code     0  libinit2.o(.ARM.Collect$$libinit$$0000001D)
    __rt_lib_init_stdio_1                    0x00400127   Thumb Code     0  libinit2.o(.ARM.Collect$$libinit$$00000025)
    __rt_lib_init_user_alloc_1               0x00400127   Thumb Code     0  libinit2.o(.ARM.Collect$$libinit$$0000000C)
    __rt_lib_shutdown                        0x00400129   Thumb Code     0  libshutdown.o(.ARM.Collect$$libshutdown$$00000000)
    __rt_lib_shutdown_cpp_1                  0x0040012b   Thumb Code     0  libshutdown2.o(.ARM.Collect$$libshutdown$$00000002)
    __rt_lib_shutdown_fp_trap_1              0x0040012b   Thumb Code     0  libshutdown2.o(.ARM.Collect$$libshutdown$$00000007)
    __rt_lib_shutdown_heap_1                 0x0040012b   Thumb Code     0  libshutdown2.o(.ARM.Collect$$libshutdown$$0000000F)
    __rt_lib_shutdown_return                 0x0040012b   Thumb Code     0  libshutdown2.o(.ARM.Collect$$libshutdown$$00000010)
    __rt_lib_shutdown_signal_1               0x0040012b   Thumb Code     0  libshutdown2.o(.ARM.Collect$$libshutdown$$0000000A)
    __rt_lib_shutdown_stdio_1                0x0040012b   Thumb Code     0  libshutdown2.o(.ARM.Collect$$libshutdown$$00000004)
    __rt_lib_shutdown_user_alloc_1           0x0040012b   Thumb Code     0  libshutdown2.o(.ARM.Collect$$libshutdown$$0000000C)
    __rt_entry                               0x0040012d   Thumb Code     0  __rtentry.o(.ARM.Collect$$rtentry$$00000000)
    __rt_entry_presh_1                       0x0040012d   Thumb Code     0  __rtentry2.o(.ARM.Collect$$rtentry$$00000002)
    __rt_entry_sh                            0x0040012d   Thumb Code     0  __rtentry4.o(.ARM.Collect$$rtentry$$00000004)
    __rt_entry_li                            0x00400133   Thumb Code     0  __rtentry2.o(.ARM.Collect$$rtentry$$0000000A)
    __rt_entry_postsh_1                      0x00400133   Thumb Code     0  __rtentry2.o(.ARM.Collect$$rtentry$$00000009)
    __rt_entry_main                          0x00400137   Thumb Code     0  __rtentry2.o(.ARM.Collect$$rtentry$$0000000D)
    __rt_entry_postli_1                      0x00400137   Thumb Code     0  __rtentry2.o(.ARM.Collect$$rtentry$$0000000C)
    __rt_exit                                0x0040013f   Thumb Code     0  rtexit.o(.ARM.Collect$$rtexit$$00000000)
    __rt_exit_ls                             0x00400141   Thumb Code     0  rtexit2.o(.ARM.Collect$$rtexit$$00000003)
    __rt_exit_prels_1                        0x00400141   Thumb Code     0  rtexit2.o(.ARM.Collect$$rtexit$$00000002)
    __rt_exit_exit                           0x00400145   Thumb Code     0  rtexit2.o(.ARM.Collect$$rtexit$$00000004)
    Reset_Handler                            0x0040014d   Thumb Code     8  startup_sam4s.o(.text)
    NMI_Handler                              0x00400155   Thumb Code     2  startup_sam4s.o(.text)
    HardFault_Handler                        0x00400157   Thumb Code     2  startup_sam4s.o(.text)
    MemManage_Handler                        0x00400159   Thumb Code     2  startup_sam4s.o(.text)
    BusFault_Handler                         0x0040015b   Thumb Code     2  startup_sam4s.o(.text)
    UsageFault_Handler                       0x0040015d   Thumb Code     2  startup_sam4s.o(.text)
    SVC_Handler                              0x0040015f   Thumb Code     2  startup_sam4s.o(.text)
    DebugMon_Handler                         0x00400161   Thumb Code     2  startup_sam4s.o(.text)
    PendSV_Handler                           0x00400163   Thumb Code     2  startup_sam4s.o(.text)
    SysTick_Handler                          0x00400165   Thumb Code     2  startup_sam4s.o(.text)
    ACC_IRQHandler                           0x00400167   Thumb Code     0  startup_sam4s.o(.text)
    ADC_IRQHandler                           0x00400167   Thumb Code     0  startup_sam4s.o(.text)
    CRCCU_IRQHandler                         0x00400167   Thumb Code     0  startup_sam4s.o(.text)
    DACC_IRQHandler                          0x00400167   Thumb Code     0  startup_sam4s.o(.text)
    EEFC0_IRQHandler                         0x00400167   Thumb Code     0  startup_sam4s.o(.text)
    EEFC1_IRQHandler                         0x00400167   Thumb Code     0  startup_sam4s.o(.text)
    HSMCI_IRQHandler                         0x00400167   Thumb Code     0  startup_sam4s.o(.text)
    PIOA_IRQHandler                          0x00400167   Thumb Code     0  startup_sam4s.o(.text)
    PIOB_IRQHandler                          0x00400167   Thumb Code     0  startup_sam4s.o(.text)
    PIOC_IRQHandler                          0x00400167   Thumb Code     0  startup_sam4s.o(.text)
    PMC_IRQHandler                           0x00400167   Thumb Code     0  startup_sam4s.o(.text)
    PWM_IRQHandler                           0x00400167   Thumb Code     0  startup_sam4s.o(.text)
    RSTC_IRQHandler                          0x00400167   Thumb Code     0  startup_sam4s.o(.text)
    RTC_IRQHandler                           0x00400167   Thumb Code     0  startup_sam4s.o(.text)
    RTT_IRQHandler                           0x00400167   Thumb Code     0  startup_sam4s.o(.text)
    SPI_IRQHandler                           0x00400167   Thumb Code     0  startup_sam4s.o(.text)
    SSC_IRQHandler                           0x00400167   Thumb Code     0  startup_sam4s.o(.text)
    SUPC_IRQHandler                          0x00400167   Thumb Code     0  startup_sam4s.o(.text)
    TC0_IRQHandler                           0x00400167   Thumb Code     0  startup_sam4s.o(.text)
    TC1_IRQHandler                           0x00400167   Thumb Code     0  startup_sam4s.o(.text)
    TC2_IRQHandler                           0x00400167   Thumb Code     0  startup_sam4s.o(.text)
    TC3_IRQHandler                           0x00400167   Thumb Code     0  startup_sam4s.o(.text)
    TC4_IRQHandler                           0x00400167   Thumb Code     0  startup_sam4s.o(.text)
    TC5_IRQHandler                           0x00400167   Thumb Code     0  startup_sam4s.o(.text)
    TWI0_IRQHandler                          0x00400167   Thumb Code     0  startup_sam4s.o(.text)
    TWI1_IRQHandler                          0x00400167   Thumb Code     0  startup_sam4s.o(.text)
    UART0_IRQHandler                         0x00400167   Thumb Code     0  startup_sam4s.o(.text)
    UART1_IRQHandler                         0x00400167   Thumb Code     0  startup_sam4s.o(.text)
    UDP_IRQHandler                           0x00400167   Thumb Code     0  startup_sam4s.o(.text)
    USART0_IRQHandler                        0x00400167   Thumb Code     0  startup_sam4s.o(.text)
    USART1_IRQHandler                        0x00400167   Thumb Code     0  startup_sam4s.o(.text)
    WDT_IRQHandler                           0x00400167   Thumb Code     0  startup_sam4s.o(.text)
    __user_initial_stackheap                 0x00400169   Thumb Code     0  startup_sam4s.o(.text)
    __use_two_region_memory                  0x0040018d   Thumb Code     2  heapauxi.o(.text)
    __rt_heap_escrow$2region                 0x0040018f   Thumb Code     2  heapauxi.o(.text)
    __rt_heap_expand$2region                 0x00400191   Thumb Code     2  heapauxi.o(.text)
    __user_setup_stackheap                   0x00400193   Thumb Code    74  sys_stackheap_outer.o(.text)
    exit                                     0x004001dd   Thumb Code    18  exit.o(.text)
    __user_libspace                          0x004001f1   Thumb Code     8  libspace.o(.text)
    __user_perproc_libspace                  0x004001f1   Thumb Code     0  libspace.o(.text)
    __user_perthread_libspace                0x004001f1   Thumb Code     0  libspace.o(.text)
    _sys_exit                                0x004001f9   Thumb Code     8  sys_exit.o(.text)
    __I$use$semihosting                      0x00400205   Thumb Code     0  use_no_semi.o(.text)
    __use_no_semihosting_swi                 0x00400205   Thumb Code     2  use_no_semi.o(.text)
    __semihosting_library_function           0x00400207   Thumb Code     0  indicate_semi.o(.text)
    SystemInit                               0x00400209   Thumb Code    28  system_sam4s.o(i.SystemInit)
    init                                     0x00400235   Thumb Code    64  main.o(i.init)
    main                                     0x00400275   Thumb Code    34  main.o(i.main)
    pioDigitalWrite                          0x00400297   Thumb Code    54  main.o(i.pioDigitalWrite)
    pioInit                                  0x004002cd   Thumb Code    16  main.o(i.pioInit)
    pioPinMode                               0x004002dd   Thumb Code   218  main.o(i.pioPinMode)
    pioPinToBase                             0x004003b7   Thumb Code    18  main.o(i.pioPinToBase)
    pioPinToPort                             0x004003c9   Thumb Code     6  main.o(i.pioPinToPort)
    pioPortToBase                            0x004003d1   Thumb Code    12  main.o(i.pioPortToBase)
    pmcDisableWriteProtection                0x004003e5   Thumb Code     8  main.o(i.pmcDisableWriteProtection)
    pmcEnablePeriph                          0x004003f5   Thumb Code    10  main.o(i.pmcEnablePeriph)
    pmcMainClkBypass                         0x00400405   Thumb Code    52  main.o(i.pmcMainClkBypass)
    samInit                                  0x00400441   Thumb Code    16  main.o(i.samInit)
    stepNegative                             0x00400451   Thumb Code   272  main.o(i.stepNegative)
    stepPositive                             0x00400561   Thumb Code   272  main.o(i.stepPositive)
    tcBlockToBlockBase                       0x00400671   Thumb Code    12  main.o(i.tcBlockToBlockBase)
    tcChannelInit                            0x00400685   Thumb Code   102  main.o(i.tcChannelInit)
    tcChannelToBlock                         0x004006eb   Thumb Code    10  main.o(i.tcChannelToBlock)
    tcChannelToBlockBase                     0x004006f5   Thumb Code    18  main.o(i.tcChannelToBlockBase)
    tcDelayInit                              0x00400707   Thumb Code    18  main.o(i.tcDelayInit)
    tcDelayMicroseconds                      0x00400719   Thumb Code    38  main.o(i.tcDelayMicroseconds)
    tcDelayMillis                            0x00400745   Thumb Code    24  main.o(i.tcDelayMillis)
    tcInit                                   0x0040075d   Thumb Code    16  main.o(i.tcInit)
    wdtDisable                               0x0040076d   Thumb Code    18  main.o(i.wdtDisable)
    Region$$Table$$Base                      0x00400784   Number         0  anon$$obj.o(Region$$Table)
    Region$$Table$$Limit                     0x00400794   Number         0  anon$$obj.o(Region$$Table)
    __libspace_start                         0x20000000   Data          96  libspace.o(.bss)
    __temporary_stack_top$libspace           0x20000060   Data           0  libspace.o(.bss)



==============================================================================

Memory Map of the image

  Image Entry point : 0x0040014d

  Load Region LR_1 (Base: 0x00400000, Size: 0x00000794, Max: 0xffffffff, ABSOLUTE)

    Execution Region ER_RO (Exec base: 0x00400000, Load base: 0x00400000, Size: 0x00000794, Max: 0xffffffff, ABSOLUTE)

    Exec Addr    Load Addr    Size         Type   Attr      Idx    E Section Name        Object

    0x00400000   0x00400000   0x000000cc   Data   RO          400    RESET               startup_sam4s.o
    0x004000cc   0x004000cc   0x00000008   Code   RO          632  * !!!main             c_w.l(__main.o)
    0x004000d4   0x004000d4   0x00000034   Code   RO          814    !!!scatter          c_w.l(__scatter.o)
    0x00400108   0x00400108   0x0000001c   Code   RO          816    !!handler_zi        c_w.l(__scatter_zi.o)
    0x00400124   0x00400124   0x00000002   Code   RO          684    .ARM.Collect$$libinit$$00000000  c_w.l(libinit.o)
    0x00400126   0x00400126   0x00000000   Code   RO          691    .ARM.Collect$$libinit$$00000002  c_w.l(libinit2.o)
    0x00400126   0x00400126   0x00000000   Code   RO          693    .ARM.Collect$$libinit$$00000004  c_w.l(libinit2.o)
    0x00400126   0x00400126   0x00000000   Code   RO          696    .ARM.Collect$$libinit$$0000000A  c_w.l(libinit2.o)
    0x00400126   0x00400126   0x00000000   Code   RO          698    .ARM.Collect$$libinit$$0000000C  c_w.l(libinit2.o)
    0x00400126   0x00400126   0x00000000   Code   RO          700    .ARM.Collect$$libinit$$0000000E  c_w.l(libinit2.o)
    0x00400126   0x00400126   0x00000000   Code   RO          703    .ARM.Collect$$libinit$$00000011  c_w.l(libinit2.o)
    0x00400126   0x00400126   0x00000000   Code   RO          705    .ARM.Collect$$libinit$$00000013  c_w.l(libinit2.o)
    0x00400126   0x00400126   0x00000000   Code   RO          707    .ARM.Collect$$libinit$$00000015  c_w.l(libinit2.o)
    0x00400126   0x00400126   0x00000000   Code   RO          709    .ARM.Collect$$libinit$$00000017  c_w.l(libinit2.o)
    0x00400126   0x00400126   0x00000000   Code   RO          711    .ARM.Collect$$libinit$$00000019  c_w.l(libinit2.o)
    0x00400126   0x00400126   0x00000000   Code   RO          713    .ARM.Collect$$libinit$$0000001B  c_w.l(libinit2.o)
    0x00400126   0x00400126   0x00000000   Code   RO          715    .ARM.Collect$$libinit$$0000001D  c_w.l(libinit2.o)
    0x00400126   0x00400126   0x00000000   Code   RO          717    .ARM.Collect$$libinit$$0000001F  c_w.l(libinit2.o)
    0x00400126   0x00400126   0x00000000   Code   RO          719    .ARM.Collect$$libinit$$00000021  c_w.l(libinit2.o)
    0x00400126   0x00400126   0x00000000   Code   RO          721    .ARM.Collect$$libinit$$00000023  c_w.l(libinit2.o)
    0x00400126   0x00400126   0x00000000   Code   RO          723    .ARM.Collect$$libinit$$00000025  c_w.l(libinit2.o)
    0x00400126   0x00400126   0x00000000   Code   RO          727    .ARM.Collect$$libinit$$0000002C  c_w.l(libinit2.o)
    0x00400126   0x00400126   0x00000000   Code   RO          729    .ARM.Collect$$libinit$$0000002E  c_w.l(libinit2.o)
    0x00400126   0x00400126   0x00000000   Code   RO          731    .ARM.Collect$$libinit$$00000030  c_w.l(libinit2.o)
    0x00400126   0x00400126   0x00000000   Code   RO          733    .ARM.Collect$$libinit$$00000032  c_w.l(libinit2.o)
    0x00400126   0x00400126   0x00000002   Code   RO          734    .ARM.Collect$$libinit$$00000033  c_w.l(libinit2.o)
    0x00400128   0x00400128   0x00000002   Code   RO          754    .ARM.Collect$$libshutdown$$00000000  c_w.l(libshutdown.o)
    0x0040012a   0x0040012a   0x00000000   Code   RO          767    .ARM.Collect$$libshutdown$$00000002  c_w.l(libshutdown2.o)
    0x0040012a   0x0040012a   0x00000000   Code   RO          769    .ARM.Collect$$libshutdown$$00000004  c_w.l(libshutdown2.o)
    0x0040012a   0x0040012a   0x00000000   Code   RO          772    .ARM.Collect$$libshutdown$$00000007  c_w.l(libshutdown2.o)
    0x0040012a   0x0040012a   0x00000000   Code   RO          775    .ARM.Collect$$libshutdown$$0000000A  c_w.l(libshutdown2.o)
    0x0040012a   0x0040012a   0x00000000   Code   RO          777    .ARM.Collect$$libshutdown$$0000000C  c_w.l(libshutdown2.o)
    0x0040012a   0x0040012a   0x00000000   Code   RO          780    .ARM.Collect$$libshutdown$$0000000F  c_w.l(libshutdown2.o)
    0x0040012a   0x0040012a   0x00000002   Code   RO          781    .ARM.Collect$$libshutdown$$00000010  c_w.l(libshutdown2.o)
    0x0040012c   0x0040012c   0x00000000   Code   RO          650    .ARM.Collect$$rtentry$$00000000  c_w.l(__rtentry.o)
    0x0040012c   0x0040012c   0x00000000   Code   RO          661    .ARM.Collect$$rtentry$$00000002  c_w.l(__rtentry2.o)
    0x0040012c   0x0040012c   0x00000006   Code   RO          673    .ARM.Collect$$rtentry$$00000004  c_w.l(__rtentry4.o)
    0x00400132   0x00400132   0x00000000   Code   RO          663    .ARM.Collect$$rtentry$$00000009  c_w.l(__rtentry2.o)
    0x00400132   0x00400132   0x00000004   Code   RO          664    .ARM.Collect$$rtentry$$0000000A  c_w.l(__rtentry2.o)
    0x00400136   0x00400136   0x00000000   Code   RO          666    .ARM.Collect$$rtentry$$0000000C  c_w.l(__rtentry2.o)
    0x00400136   0x00400136   0x00000008   Code   RO          667    .ARM.Collect$$rtentry$$0000000D  c_w.l(__rtentry2.o)
    0x0040013e   0x0040013e   0x00000002   Code   RO          688    .ARM.Collect$$rtexit$$00000000  c_w.l(rtexit.o)
    0x00400140   0x00400140   0x00000000   Code   RO          736    .ARM.Collect$$rtexit$$00000002  c_w.l(rtexit2.o)
    0x00400140   0x00400140   0x00000004   Code   RO          737    .ARM.Collect$$rtexit$$00000003  c_w.l(rtexit2.o)
    0x00400144   0x00400144   0x00000006   Code   RO          738    .ARM.Collect$$rtexit$$00000004  c_w.l(rtexit2.o)
    0x0040014a   0x0040014a   0x00000002   PAD
    0x0040014c   0x0040014c   0x00000040   Code   RO          401  * .text               startup_sam4s.o
    0x0040018c   0x0040018c   0x00000006   Code   RO          630    .text               c_w.l(heapauxi.o)
    0x00400192   0x00400192   0x0000004a   Code   RO          675    .text               c_w.l(sys_stackheap_outer.o)
    0x004001dc   0x004001dc   0x00000012   Code   RO          677    .text               c_w.l(exit.o)
    0x004001ee   0x004001ee   0x00000002   PAD
    0x004001f0   0x004001f0   0x00000008   Code   RO          685    .text               c_w.l(libspace.o)
    0x004001f8   0x004001f8   0x0000000c   Code   RO          746    .text               c_w.l(sys_exit.o)
    0x00400204   0x00400204   0x00000002   Code   RO          757    .text               c_w.l(use_no_semi.o)
    0x00400206   0x00400206   0x00000000   Code   RO          759    .text               c_w.l(indicate_semi.o)
    0x00400206   0x00400206   0x00000002   PAD
    0x00400208   0x00400208   0x0000002c   Code   RO          410    i.SystemInit        system_sam4s.o
    0x00400234   0x00400234   0x00000040   Code   RO            4    i.init              main.o
    0x00400274   0x00400274   0x00000022   Code   RO            5    i.main              main.o
    0x00400296   0x00400296   0x00000036   Code   RO            7    i.pioDigitalWrite   main.o
    0x004002cc   0x004002cc   0x00000010   Code   RO            8    i.pioInit           main.o
    0x004002dc   0x004002dc   0x000000da   Code   RO            9    i.pioPinMode        main.o
    0x004003b6   0x004003b6   0x00000012   Code   RO           11    i.pioPinToBase      main.o
    0x004003c8   0x004003c8   0x00000006   Code   RO           12    i.pioPinToPort      main.o
    0x004003ce   0x004003ce   0x00000002   PAD
    0x004003d0   0x004003d0   0x00000014   Code   RO           13    i.pioPortToBase     main.o
    0x004003e4   0x004003e4   0x00000010   Code   RO           16    i.pmcDisableWriteProtection  main.o
    0x004003f4   0x004003f4   0x00000010   Code   RO           17    i.pmcEnablePeriph   main.o
    0x00400404   0x00400404   0x0000003c   Code   RO           19    i.pmcMainClkBypass  main.o
    0x00400440   0x00400440   0x00000010   Code   RO           33    i.samInit           main.o
    0x00400450   0x00400450   0x00000110   Code   RO           37    i.stepNegative      main.o
    0x00400560   0x00400560   0x00000110   Code   RO           38    i.stepPositive      main.o
    0x00400670   0x00400670   0x00000014   Code   RO           39    i.tcBlockToBlockBase  main.o
    0x00400684   0x00400684   0x00000066   Code   RO           40    i.tcChannelInit     main.o
    0x004006ea   0x004006ea   0x0000000a   Code   RO           41    i.tcChannelToBlock  main.o
    0x004006f4   0x004006f4   0x00000012   Code   RO           42    i.tcChannelToBlockBase  main.o
    0x00400706   0x00400706   0x00000012   Code   RO           44    i.tcDelayInit       main.o
    0x00400718   0x00400718   0x0000002c   Code   RO           45    i.tcDelayMicroseconds  main.o
    0x00400744   0x00400744   0x00000018   Code   RO           46    i.tcDelayMillis     main.o
    0x0040075c   0x0040075c   0x00000010   Code   RO           48    i.tcInit            main.o
    0x0040076c   0x0040076c   0x00000018   Code   RO           57    i.wdtDisable        main.o
    0x00400784   0x00400784   0x00000010   Data   RO          812    Region$$Table       anon$$obj.o


    Execution Region ER_RW (Exec base: 0x20000000, Load base: 0x00400794, Size: 0x00000000, Max: 0xffffffff, ABSOLUTE)

    **** No section assigned to this execution region ****


    Execution Region ER_ZI (Exec base: 0x20000000, Load base: 0x00400794, Size: 0x00000460, Max: 0xffffffff, ABSOLUTE)

    Exec Addr    Load Addr    Size         Type   Attr      Idx    E Section Name        Object

    0x20000000        -       0x00000060   Zero   RW          686    .bss                c_w.l(libspace.o)
    0x20000060        -       0x00000200   Zero   RW          399    HEAP                startup_sam4s.o
    0x20000260        -       0x00000200   Zero   RW          398    STACK               startup_sam4s.o


==============================================================================

Image component sizes


      Code (inc. data)   RO Data    RW Data    ZI Data      Debug   Object Name

      1358         56          0          0          0      20983   main.o
        64         26        204          0       1024        836   startup_sam4s.o
        44         16          0          0          0        457   system_sam4s.o

    ----------------------------------------------------------------------
      1468         98        220          0       1024      22276   Object Totals
         0          0         16          0          0          0   (incl. Generated)
         2          0          0          0          0          0   (incl. Padding)

    ----------------------------------------------------------------------

      Code (inc. data)   RO Data    RW Data    ZI Data      Debug   Library Member Name

         8          0          0          0          0         68   __main.o
         0          0          0          0          0          0   __rtentry.o
        12          0          0          0          0          0   __rtentry2.o
         6          0          0          0          0          0   __rtentry4.o
        52          8          0          0          0          0   __scatter.o
        28          0          0          0          0          0   __scatter_zi.o
        18          0          0          0          0         80   exit.o
         6          0          0          0          0        152   heapauxi.o
         0          0          0          0          0          0   indicate_semi.o
         2          0          0          0          0          0   libinit.o
         2          0          0          0          0          0   libinit2.o
         2          0          0          0          0          0   libshutdown.o
         2          0          0          0          0          0   libshutdown2.o
         8          4          0          0         96         68   libspace.o
         2          0          0          0          0          0   rtexit.o
        10          0          0          0          0          0   rtexit2.o
        12          4          0          0          0         68   sys_exit.o
        74          0          0          0          0         80   sys_stackheap_outer.o
         2          0          0          0          0         68   use_no_semi.o

    ----------------------------------------------------------------------
       252         16          0          0         96        584   Library Totals
         6          0          0          0          0          0   (incl. Padding)

    ----------------------------------------------------------------------

      Code (inc. data)   RO Data    RW Data    ZI Data      Debug   Library Name

       246         16          0          0         96        584   c_w.l

    ----------------------------------------------------------------------
       252         16          0          0         96        584   Library Totals

    ----------------------------------------------------------------------

==============================================================================


      Code (inc. data)   RO Data    RW Data    ZI Data      Debug

      1720        114        220          0       1120      21540   Grand Totals
      1720        114        220          0       1120      21540   ELF Image Totals
      1720        114        220          0          0          0   ROM Totals

==============================================================================

==============================================================================
